2026-07-31T19:22:23Z INF Thank you for trying Cloudflare Tunnel. Doing so, without a Cloudflare account, is a quick way to experiment and try it out. However, be aware that these account-less Tunnels have no uptime guarantee, are subject to the Cloudflare Online Services Terms of Use (https://www.cloudflare.com/website-terms/), and Cloudflare reserves the right to investigate your use of Tunnels for violations of such terms. If you intend to use Tunnels in production you should use a pre-created named tunnel by following: https://developers.cloudflare.com/cloudflare-one/connections/connect-apps
2026-07-31T19:22:23Z INF Requesting new quick Tunnel on trycloudflare.com...
2026-07-31T19:22:29Z INF +--------------------------------------------------------------------------------------------+
2026-07-31T19:22:29Z INF |  Your quick Tunnel has been created! Visit it at (it may take some time to be reachable):  |
2026-07-31T19:22:29Z INF |  https://future-workplace-capacity-align.trycloudflare.com                                 |
2026-07-31T19:22:29Z INF +--------------------------------------------------------------------------------------------+
2026-07-31T19:22:29Z INF Cannot determine default configuration path. No file [config.yml config.yaml] in [~/.cloudflared ~/.cloudflare-warp ~/cloudflare-warp /etc/cloudflared /usr/local/etc/cloudflared]
2026-07-31T19:22:29Z INF Version 2026.7.3 (Checksum d69b97798e7f043cacf9c69d986ccb1cf4aeb52ab9562d6d670951bad89a811c)
2026-07-31T19:22:29Z INF GOOS: darwin, GOVersion: go1.26.5, GoArch: arm64
2026-07-31T19:22:29Z INF Settings: map[ha-connections:1 protocol:quic url:http://localhost:8099]
2026-07-31T19:22:29Z INF cloudflared will not automatically update if installed by a package manager.
2026-07-31T19:22:29Z INF Generated Connector ID: 004966ea-39d1-4399-8c29-ad174545742a
2026-07-31T19:22:29Z INF Initial protocol quic
2026-07-31T19:22:29Z INF ICMP proxy will use 192.168.0.127 as source for IPv4
2026-07-31T19:22:29Z INF ICMP proxy will use fe80::c81:600e:ea3:afc0 in zone en0 as source for IPv6
2026-07-31T19:22:29Z INF Created ICMP proxy listening on 192.168.0.127:0
2026-07-31T19:22:29Z INF ICMP proxy will use 192.168.0.127 as source for IPv4
2026-07-31T19:22:29Z INF ICMP proxy will use fe80::c81:600e:ea3:afc0 in zone en0 as source for IPv6
2026-07-31T19:22:29Z INF Starting metrics server on 127.0.0.1:20241/metrics
2026-07-31T19:22:29Z INF Tunnel connection curve preferences: [X25519MLKEM768 CurveID(65074) CurveP256] connIndex=0 event=0 ip=2606:4700:a0::3
2026-07-31T19:22:29Z INF +-------------------------------------------------------------------------------------+
2026-07-31T19:22:29Z INF |                               CONNECTIVITY PRE-CHECKS                               |
2026-07-31T19:22:29Z INF +-------------------------------------------------------------------------------------+
2026-07-31T19:22:29Z INF |  COMPONENT         TARGET                     STATUS  DETAILS                       |
2026-07-31T19:22:29Z INF |  DNS Resolution    region1.v2.argotunnel.com  PASS    DNS Resolved successfully     |
2026-07-31T19:22:29Z INF |  DNS Resolution    region2.v2.argotunnel.com  PASS    DNS Resolved successfully     |
2026-07-31T19:22:29Z INF |  UDP Connectivity  region1.v2.argotunnel.com  PASS    QUIC connection successful    |
2026-07-31T19:22:29Z INF |  UDP Connectivity  region2.v2.argotunnel.com  PASS    QUIC connection successful    |
2026-07-31T19:22:29Z INF |  TCP Connectivity  region1.v2.argotunnel.com  PASS    HTTP/2 connection successful  |
2026-07-31T19:22:29Z INF |  TCP Connectivity  region2.v2.argotunnel.com  PASS    HTTP/2 connection successful  |
2026-07-31T19:22:29Z INF |  Cloudflare API    api.cloudflare.com:443     PASS    API is reachable              |
2026-07-31T19:22:29Z INF |                                                                                     |
2026-07-31T19:22:29Z INF |  SUMMARY: Environment is healthy. cloudflared will use 'quic' as primary protocol.  |
2026-07-31T19:22:29Z INF +-------------------------------------------------------------------------------------+
2026-07-31T19:22:29Z INF precheck component="DNS Resolution" details="DNS Resolved successfully" run_id=2beb3059-c390-4cbb-a63b-03ec37ca5d01 status=pass target=region1.v2.argotunnel.com
2026-07-31T19:22:29Z INF precheck component="DNS Resolution" details="DNS Resolved successfully" run_id=2beb3059-c390-4cbb-a63b-03ec37ca5d01 status=pass target=region2.v2.argotunnel.com
2026-07-31T19:22:29Z INF precheck component="UDP Connectivity" details="QUIC connection successful" run_id=2beb3059-c390-4cbb-a63b-03ec37ca5d01 status=pass target=region1.v2.argotunnel.com
2026-07-31T19:22:29Z INF precheck component="UDP Connectivity" details="QUIC connection successful" run_id=2beb3059-c390-4cbb-a63b-03ec37ca5d01 status=pass target=region2.v2.argotunnel.com
2026-07-31T19:22:29Z INF precheck component="TCP Connectivity" details="HTTP/2 connection successful" run_id=2beb3059-c390-4cbb-a63b-03ec37ca5d01 status=pass target=region1.v2.argotunnel.com
2026-07-31T19:22:29Z INF precheck component="TCP Connectivity" details="HTTP/2 connection successful" run_id=2beb3059-c390-4cbb-a63b-03ec37ca5d01 status=pass target=region2.v2.argotunnel.com
2026-07-31T19:22:29Z INF precheck component="Cloudflare API" details="API is reachable" run_id=2beb3059-c390-4cbb-a63b-03ec37ca5d01 status=pass target=api.cloudflare.com:443
2026-07-31T19:22:29Z INF precheck complete hard_fail=false run_id=2beb3059-c390-4cbb-a63b-03ec37ca5d01 suggested_protocol=quic
2026-07-31T19:22:29Z INF Registered tunnel connection connIndex=0 connection=e589071b-2ada-4807-abc7-10340bbe1401 event=0 ip=2606:4700:a0::3 location=lhr10 protocol=quic
